Archive member included because of file (symbol)

c:/program files/embitz/0.42/share/em_armgcc/bin/../lib/gcc/arm-none-eabi/4.8.4/../../../../arm-none-eabi/lib/armv7-m\libg_n.a(lib_a-exit.o)
                              c:/program files/embitz/0.42/share/em_armgcc/bin/../lib/gcc/arm-none-eabi/4.8.4/../../../../arm-none-eabi/lib/armv7-m/crt0.o (exit)
c:/program files/embitz/0.42/share/em_armgcc/bin/../lib/gcc/arm-none-eabi/4.8.4/../../../../arm-none-eabi/lib/armv7-m\libg_n.a(lib_a-impure.o)
                              c:/program files/embitz/0.42/share/em_armgcc/bin/../lib/gcc/arm-none-eabi/4.8.4/../../../../arm-none-eabi/lib/armv7-m\libg_n.a(lib_a-exit.o) (_global_impure_ptr)
c:/program files/embitz/0.42/share/em_armgcc/bin/../lib/gcc/arm-none-eabi/4.8.4/../../../../arm-none-eabi/lib/armv7-m\libg_n.a(lib_a-init.o)
                              c:/program files/embitz/0.42/share/em_armgcc/bin/../lib/gcc/arm-none-eabi/4.8.4/../../../../arm-none-eabi/lib/armv7-m/crt0.o (__libc_init_array)
c:/program files/embitz/0.42/share/em_armgcc/bin/../lib/gcc/arm-none-eabi/4.8.4/../../../../arm-none-eabi/lib/armv7-m\libg_n.a(lib_a-memset.o)
                              c:/program files/embitz/0.42/share/em_armgcc/bin/../lib/gcc/arm-none-eabi/4.8.4/../../../../arm-none-eabi/lib/armv7-m/crt0.o (memset)
c:/program files/embitz/0.42/share/em_armgcc/bin/../lib/gcc/arm-none-eabi/4.8.4/../../../../arm-none-eabi/lib/armv7-m\libnosys_s.a(_exit.o)
                              c:/program files/embitz/0.42/share/em_armgcc/bin/../lib/gcc/arm-none-eabi/4.8.4/../../../../arm-none-eabi/lib/armv7-m\libg_n.a(lib_a-exit.o) (_exit)

Allocating common symbols
Common symbol       size              file

SaveRState          0x2               obj\debug\usb-fs\src\usb_int.o
HSEStartUpStatus    0x1               obj\debug\src\hw_config.o
SaveState           0x2               obj\debug\usb-fs\src\usb_init.o
ProtocolValue       0x4               obj\debug\src\usb_prop.o
wIstr               0x2               obj\debug\src\usb_istr.o
pProperty           0x4               obj\debug\usb-fs\src\usb_init.o
EPindex             0x1               obj\debug\usb-fs\src\usb_init.o
Report_Buf          0x40              obj\debug\src\usb_prop.o
r                   0x2               obj\debug\src\hw_config.o
SaveTState          0x2               obj\debug\usb-fs\src\usb_int.o
Device_Info         0x1c              obj\debug\usb-fs\src\usb_init.o
pUser_Standard_Requests
                    0x4               obj\debug\usb-fs\src\usb_init.o
Receive_Buffer      0x9               obj\debug\src\usb_endp.o
EXTI_Enable         0x1               obj\debug\src\usb_prop.o
c                   0x2               obj\debug\src\hw_config.o
StatusInfo          0x2               obj\debug\usb-fs\src\usb_core.o
pInformation        0x4               obj\debug\usb-fs\src\usb_init.o
ResumeS             0x2               obj\debug\src\usb_pwr.o
EP                  0x20              obj\debug\src\usb_pwr.o
EXTI_InitStructure  0x8               obj\debug\src\hw_config.o
wInterrupt_Mask     0x2               obj\debug\usb-fs\src\usb_init.o

Discarded input sections

 .text          0x00000000        0x0 c:/program files/embitz/0.42/share/em_armgcc/bin/../lib/gcc/arm-none-eabi/4.8.4/armv7-m/crti.o
 .data          0x00000000        0x0 c:/program files/embitz/0.42/share/em_armgcc/bin/../lib/gcc/arm-none-eabi/4.8.4/armv7-m/crti.o
 .bss           0x00000000        0x0 c:/program files/embitz/0.42/share/em_armgcc/bin/../lib/gcc/arm-none-eabi/4.8.4/armv7-m/crti.o
 .data          0x00000000        0x4 c:/program files/embitz/0.42/share/em_armgcc/bin/../lib/gcc/arm-none-eabi/4.8.4/armv7-m/crtbegin.o
 .data          0x00000000        0x0 c:/program files/embitz/0.42/share/em_armgcc/bin/../lib/gcc/arm-none-eabi/4.8.4/../../../../arm-none-eabi/lib/armv7-m/crt0.o
 .bss           0x00000000        0x0 c:/program files/embitz/0.42/share/em_armgcc/bin/../lib/gcc/arm-none-eabi/4.8.4/../../../../arm-none-eabi/lib/armv7-m/crt0.o
 .ARM.extab     0x00000000        0x0 c:/program files/embitz/0.42/share/em_armgcc/bin/../lib/gcc/arm-none-eabi/4.8.4/../../../../arm-none-eabi/lib/armv7-m/crt0.o
 .group         0x00000000        0x8 obj\debug\spl\src\misc.o
 .group         0x00000000        0x8 obj\debug\spl\src\misc.o
 .group         0x00000000        0x8 obj\debug\spl\src\misc.o
 .group         0x00000000        0x8 obj\debug\spl\src\misc.o
 .group         0x00000000        0x8 obj\debug\spl\src\misc.o
 .group         0x00000000        0x8 obj\debug\spl\src\misc.o
 .group         0x00000000        0x8 obj\debug\spl\src\misc.o
 .group         0x00000000        0x8 obj\debug\spl\src\misc.o
 .group         0x00000000        0x8 obj\debug\spl\src\misc.o
 .group         0x00000000        0x8 obj\debug\spl\src\misc.o
 .group         0x00000000        0x8 obj\debug\spl\src\misc.o
 .group         0x00000000        0x8 obj\debug\spl\src\misc.o
[...]
Memory Configuration

Name             Origin             Length             Attributes
ROM              0x08000000         0x00080000         xr
RAM              0x20000000         0x00010000         xrw
*default*        0x00000000         0xffffffff

Linker script and memory map

LOAD c:/program files/embitz/0.42/share/em_armgcc/bin/../lib/gcc/arm-none-eabi/4.8.4/armv7-m/crti.o
LOAD c:/program files/embitz/0.42/share/em_armgcc/bin/../lib/gcc/arm-none-eabi/4.8.4/armv7-m/crtbegin.o
LOAD c:/program files/embitz/0.42/share/em_armgcc/bin/../lib/gcc/arm-none-eabi/4.8.4/../../../../arm-none-eabi/lib/armv7-m/crt0.o
                0x00000000                __HEAP_SIZE = 0x0
                0x00000100                __STACK_SIZE = 0x100

.text           0x08000000     0x3488
 *(.isr_vector)
 .isr_vector    0x08000000      0x130 obj\debug\src\startup_stm32f10x_hd.o
                0x08000000                __isr_vector
 *(.text*)
 .text          0x08000130       0x54 c:/program files/embitz/0.42/share/em_armgcc/bin/../lib/gcc/arm-none-eabi/4.8.4/armv7-m/crtbegin.o
 .text          0x08000184       0x74 c:/program files/embitz/0.42/share/em_armgcc/bin/../lib/gcc/arm-none-eabi/4.8.4/../../../../arm-none-eabi/lib/armv7-m/crt0.o
                0x08000184                _start
                0x08000184                _mainCRTStartup
 .text.NVIC_PriorityGroupConfig
                0x080001f8       0x24 obj\debug\spl\src\misc.o
                0x080001f8                NVIC_PriorityGroupConfig
 .text.NVIC_Init
                0x0800021c       0xc0 obj\debug\spl\src\misc.o
                0x0800021c                NVIC_Init
 .text.EXTI_Init
                0x080002dc       0xdc obj\debug\spl\src\stm32f10x_exti.o
                0x080002dc                EXTI_Init
 .text.EXTI_ClearITPendingBit
                0x080003b8       0x1c obj\debug\spl\src\stm32f10x_exti.o
                0x080003b8                EXTI_ClearITPendingBit
 .text.GPIO_Init
                0x080003d4      0x178 obj\debug\spl\src\stm32f10x_gpio.o
                0x080003d4                GPIO_Init
 .text.GPIO_ReadInputDataBit
                0x0800054c       0x34 obj\debug\spl\src\stm32f10x_gpio.o
                0x0800054c                GPIO_ReadInputDataBit
 .text.GPIO_SetBits
                0x08000580       0x1c obj\debug\spl\src\stm32f10x_gpio.o
                0x08000580                GPIO_SetBits
 .text.GPIO_ResetBits
                0x0800059c       0x1c obj\debug\spl\src\stm32f10x_gpio.o
                0x0800059c                GPIO_ResetBits
 .text.RCC_APB2PeriphClockCmd
                0x080005b8       0x3c obj\debug\spl\src\stm32f10x_rcc.o
                0x080005b8                RCC_APB2PeriphClockCmd
 .text.RCC_APB1PeriphClockCmd
                0x080005f4       0x3c obj\debug\spl\src\stm32f10x_rcc.o
                0x080005f4                RCC_APB1PeriphClockCmd
 .text.Set_System
                0x08000630      0x134 obj\debug\src\hw_config.o
                0x08000630                Set_System
 .text.Configuration1
                0x08000764       0x38 obj\debug\src\hw_config.o
                0x08000764                Configuration1
 .text.Configuration2
                0x0800079c       0x38 obj\debug\src\hw_config.o
                0x0800079c                Configuration2
 .text.Kalibrovka
                0x080007d4      0x128 obj\debug\src\hw_config.o
                0x080007d4                Kalibrovka
 .text.Set_USBClock
                0x080008fc       0x20 obj\debug\src\hw_config.o
                0x080008fc                Set_USBClock
 .text.Leave_LowPowerMode
                0x0800091c       0x34 obj\debug\src\hw_config.o
                0x0800091c                Leave_LowPowerMode
 .text.USB_Interrupts_Config
                0x08000950       0x3c obj\debug\src\hw_config.o
                0x08000950                USB_Interrupts_Config
 .text.USB_Cable_Config
                0x0800098c       0x30 obj\debug\src\hw_config.o
                0x0800098c                USB_Cable_Config
 .text.RHIDCheckState
                0x080009bc      0x220 obj\debug\src\hw_config.o
                0x080009bc                RHIDCheckState
 .text.Get_SerialNum
                0x08000bdc       0x54 obj\debug\src\hw_config.o
                0x08000bdc                Get_SerialNum
 .text.IntToUnicode
                0x08000c30       0x78 obj\debug\src\hw_config.o
 .text.main     0x08000ca8       0x58 obj\debug\src\main.o
                0x08000ca8                main
 .text          0x08000d00       0xdc obj\debug\src\startup_stm32f10x_hd.o
                0x08000d00                Reset_Handler
                0x08000d58                Default_Handler
                0x08000d5a                WWDG_IRQHandler
                0x08000d5c                PVD_IRQHandler
                0x08000d5e                TAMPER_IRQHandler
                0x08000d60                RTC_IRQHandler
                0x08000d62                FLASH_IRQHandler
                0x08000d64                RCC_IRQHandler
                0x08000d66                EXTI0_IRQHandler
                0x08000d68                EXTI1_IRQHandler
                0x08000d6a                EXTI2_IRQHandler
                0x08000d6c                EXTI3_IRQHandler
                0x08000d6e                EXTI4_IRQHandler
                0x08000d70                DMA1_Channel1_IRQHandler
                0x08000d72                DMA1_Channel2_IRQHandler
                0x08000d74                DMA1_Channel3_IRQHandler
                0x08000d76                DMA1_Channel4_IRQHandler
                0x08000d78                DMA1_Channel5_IRQHandler
                0x08000d7a                DMA1_Channel6_IRQHandler
                0x08000d7c                DMA1_Channel7_IRQHandler
                0x08000d7e                ADC1_2_IRQHandler
                0x08000d80                USB_HP_CAN1_TX_IRQHandler
                0x08000d84                CAN1_RX1_IRQHandler
                0x08000d86                CAN1_SCE_IRQHandler
                0x08000d88                EXTI9_5_IRQHandler
                0x08000d8a                TIM1_BRK_IRQHandler
                0x08000d8c                TIM1_UP_IRQHandler
                0x08000d8e                TIM1_TRG_COM_IRQHandler
                0x08000d90                TIM1_CC_IRQHandler
                0x08000d92                TIM2_IRQHandler
                0x08000d94                TIM3_IRQHandler
                0x08000d96                TIM4_IRQHandler
                0x08000d98                I2C1_EV_IRQHandler
                0x08000d9a                I2C1_ER_IRQHandler
                0x08000d9c                I2C2_EV_IRQHandler
                0x08000d9e                I2C2_ER_IRQHandler
                0x08000da0                SPI1_IRQHandler
                0x08000da2                SPI2_IRQHandler
                0x08000da4                USART1_IRQHandler
                0x08000da6                USART2_IRQHandler
                0x08000da8                USART3_IRQHandler
                0x08000daa                EXTI15_10_IRQHandler
                0x08000dac                RTCAlarm_IRQHandler
                0x08000db0                TIM8_BRK_IRQHandler
                0x08000db2                TIM8_UP_IRQHandler
                0x08000db4                TIM8_TRG_COM_IRQHandler
                0x08000db6                TIM8_CC_IRQHandler
                0x08000db8                ADC3_IRQHandler
                0x08000dba                FSMC_IRQHandler
                0x08000dbc                SDIO_IRQHandler
                0x08000dbe                TIM5_IRQHandler
                0x08000dc0                SPI3_IRQHandler
                0x08000dc2                UART4_IRQHandler
                0x08000dc4                UART5_IRQHandler
                0x08000dc6                TIM6_IRQHandler
                0x08000dc8                TIM7_IRQHandler
                0x08000dca                DMA2_Channel1_IRQHandler
                0x08000dcc                DMA2_Channel2_IRQHandler
                0x08000dce                DMA2_Channel3_IRQHandler
                0x08000dd0                DMA2_Channel4_5_IRQHandler
 .text.NMI_Handler
                0x08000ddc        0xc obj\debug\src\stm32_it.o
                0x08000ddc                NMI_Handler
 .text.HardFault_Handler
                0x08000de8        0x8 obj\debug\src\stm32_it.o
                0x08000de8                HardFault_Handler
 .text.MemManage_Handler
                0x08000df0        0x8 obj\debug\src\stm32_it.o
                0x08000df0                MemManage_Handler
 .text.BusFault_Handler
                0x08000df8        0x8 obj\debug\src\stm32_it.o
                0x08000df8                BusFault_Handler
 .text.UsageFault_Handler
                0x08000e00        0x8 obj\debug\src\stm32_it.o
                0x08000e00                UsageFault_Handler
 .text.SVC_Handler
                0x08000e08        0xc obj\debug\src\stm32_it.o
                0x08000e08                SVC_Handler
 .text.DebugMon_Handler
                0x08000e14        0xc obj\debug\src\stm32_it.o
                0x08000e14                DebugMon_Handler
 .text.PendSV_Handler
                0x08000e20        0xc obj\debug\src\stm32_it.o
                0x08000e20                PendSV_Handler
 .text.SysTick_Handler
                0x08000e2c        0xc obj\debug\src\stm32_it.o
                0x08000e2c                SysTick_Handler
 .text.USB_LP_CAN1_RX0_IRQHandler
                0x08000e38        0xc obj\debug\src\stm32_it.o
                0x08000e38                USB_LP_CAN1_RX0_IRQHandler
 .text.USBWakeUp_IRQHandler
                0x08000e44       0x10 obj\debug\src\stm32_it.o
                0x08000e44                USBWakeUp_IRQHandler
 .text.SystemInit
                0x08000e54       0x60 obj\debug\src\system_stm32f10x.o
                0x08000e54                SystemInit
 .text.SetSysClockTo72
                0x08000eb4      0x100 obj\debug\src\system_stm32f10x.o
 .text.EP1_OUT_Callback
                0x08000fb4       0x8c obj\debug\src\usb_endp.o
                0x08000fb4                EP1_OUT_Callback
 .text.EP1_IN_Callback
                0x08001040       0x18 obj\debug\src\usb_endp.o
                0x08001040                EP1_IN_Callback
 .text.USB_Istr
                0x08001058      0x240 obj\debug\src\usb_istr.o
                0x08001058                USB_Istr
 .text.HID_init
                0x08001298       0x28 obj\debug\src\usb_prop.o
                0x08001298                HID_init
 .text.HID_Reset
                0x080012c0       0xc0 obj\debug\src\usb_prop.o
                0x080012c0                HID_Reset
 .text.HID_SetConfiguration
                0x08001380       0x2c obj\debug\src\usb_prop.o
                0x08001380                HID_SetConfiguration
 .text.HID_SetDeviceAddress
                0x080013ac       0x18 obj\debug\src\usb_prop.o
                0x080013ac                HID_SetDeviceAddress
 .text.HID_Status_In
                0x080013c4       0x78 obj\debug\src\usb_prop.o
                0x080013c4                HID_Status_In
 .text.HID_Status_Out
                0x0800143c        0xc obj\debug\src\usb_prop.o
                0x0800143c                HID_Status_Out
 .text.HID_Data_Setup
                0x08001448       0xbc obj\debug\src\usb_prop.o
                0x08001448                HID_Data_Setup
 .text.HID_SetReport_Feature
                0x08001504       0x34 obj\debug\src\usb_prop.o
                0x08001504                HID_SetReport_Feature
 .text.HID_NoData_Setup
                0x08001538       0x34 obj\debug\src\usb_prop.o
                0x08001538                HID_NoData_Setup
 .text.HID_GetDeviceDescriptor
                0x0800156c       0x24 obj\debug\src\usb_prop.o
                0x0800156c                HID_GetDeviceDescriptor
 .text.HID_GetConfigDescriptor
                0x08001590       0x24 obj\debug\src\usb_prop.o
                0x08001590                HID_GetConfigDescriptor
 .text.HID_GetStringDescriptor
                0x080015b4       0x40 obj\debug\src\usb_prop.o
                0x080015b4                HID_GetStringDescriptor
 .text.HID_GetReportDescriptor
                0x080015f4       0x24 obj\debug\src\usb_prop.o
                0x080015f4                HID_GetReportDescriptor
 .text.HID_GetHIDDescriptor
                0x08001618       0x24 obj\debug\src\usb_prop.o
                0x08001618                HID_GetHIDDescriptor
 .text.HID_Get_Interface_Setting
                0x0800163c       0x30 obj\debug\src\usb_prop.o
                0x0800163c                HID_Get_Interface_Setting
 .text.HID_SetProtocol
                0x0800166c       0x2c obj\debug\src\usb_prop.o
                0x0800166c                HID_SetProtocol
 .text.HID_GetProtocolValue
                0x08001698       0x34 obj\debug\src\usb_prop.o
                0x08001698                HID_GetProtocolValue
 .text.PowerOn  0x080016cc       0x50 obj\debug\src\usb_pwr.o
                0x080016cc                PowerOn
 .text.Suspend  0x0800171c      0x16c obj\debug\src\usb_pwr.o
                0x0800171c                Suspend
 .text.Resume_Init
                0x08001888       0x30 obj\debug\src\usb_pwr.o
                0x08001888                Resume_Init
 .text.Resume   0x080018b8      0x128 obj\debug\src\usb_pwr.o
                0x080018b8                Resume
 .text.Standard_GetConfiguration
                0x080019e0       0x3c obj\debug\usb-fs\src\usb_core.o
                0x080019e0                Standard_GetConfiguration
 .text.Standard_SetConfiguration
                0x08001a1c       0x50 obj\debug\usb-fs\src\usb_core.o
                0x08001a1c                Standard_SetConfiguration
 .text.Standard_GetInterface
                0x08001a6c       0x3c obj\debug\usb-fs\src\usb_core.o
                0x08001a6c                Standard_GetInterface
 .text.Standard_SetInterface
                0x08001aa8       0x8c obj\debug\usb-fs\src\usb_core.o
                0x08001aa8                Standard_SetInterface
 .text.Standard_GetStatus
                0x08001b34      0x138 obj\debug\usb-fs\src\usb_core.o
                0x08001b34                Standard_GetStatus
 .text.Standard_ClearFeature
                0x08001c6c      0x1d8 obj\debug\usb-fs\src\usb_core.o
                0x08001c6c                Standard_ClearFeature
 .text.Standard_SetEndPointFeature
                0x08001e44      0x118 obj\debug\usb-fs\src\usb_core.o
                0x08001e44                Standard_SetEndPointFeature
 .text.Standard_SetDeviceFeature
                0x08001f5c       0x2c obj\debug\usb-fs\src\usb_core.o
                0x08001f5c                Standard_SetDeviceFeature
 .text.Standard_GetDescriptorData
                0x08001f88       0x48 obj\debug\usb-fs\src\usb_core.o
                0x08001f88                Standard_GetDescriptorData
 .text.DataStageOut
                0x08001fd0      0x104 obj\debug\usb-fs\src\usb_core.o
 .text.DataStageIn
                0x080020d4      0x10c obj\debug\usb-fs\src\usb_core.o
 .text.NoData_Setup0
                0x080021e0      0x194 obj\debug\usb-fs\src\usb_core.o
 .text.Data_Setup0
                0x08002374      0x324 obj\debug\usb-fs\src\usb_core.o
 .text.Setup0_Process
                0x08002698       0xd8 obj\debug\usb-fs\src\usb_core.o
                0x08002698                Setup0_Process
 .text.In0_Process
                0x08002770       0x90 obj\debug\usb-fs\src\usb_core.o
                0x08002770                In0_Process
 .text.Out0_Process
                0x08002800       0x74 obj\debug\usb-fs\src\usb_core.o
                0x08002800                Out0_Process
 .text.Post0_Process
                0x08002874       0x50 obj\debug\usb-fs\src\usb_core.o
                0x08002874                Post0_Process
 .text.SetDeviceAddress
                0x080028c4       0x7c obj\debug\usb-fs\src\usb_core.o
                0x080028c4                SetDeviceAddress
 .text.NOP_Process
                0x08002940        0xc obj\debug\usb-fs\src\usb_core.o
                0x08002940                NOP_Process
 .text.USB_Init
                0x0800294c       0x40 obj\debug\usb-fs\src\usb_init.o
                0x0800294c                USB_Init
 .text.CTR_LP   0x0800298c      0x308 obj\debug\usb-fs\src\usb_int.o
                0x0800298c                CTR_LP
 .text.UserToPMABufferCopy
                0x08002c94       0x74 obj\debug\usb-fs\src\usb_mem.o
                0x08002c94                UserToPMABufferCopy
 .text.PMAToUserBufferCopy
                0x08002d08       0x5c obj\debug\usb-fs\src\usb_mem.o
                0x08002d08                PMAToUserBufferCopy
 .text.SetBTABLE
                0x08002d64       0x24 obj\debug\usb-fs\src\usb_regs.o
                0x08002d64                SetBTABLE
 .text.SetEPType
                0x08002d88       0x48 obj\debug\usb-fs\src\usb_regs.o
                0x08002d88                SetEPType
 .text.SetEPTxStatus
                0x08002dd0       0x6c obj\debug\usb-fs\src\usb_regs.o
                0x08002dd0                SetEPTxStatus
 .text.SetEPRxStatus
                0x08002e3c       0x6c obj\debug\usb-fs\src\usb_regs.o
                0x08002e3c                SetEPRxStatus
 .text.SetEPTxValid
                0x08002ea8       0x50 obj\debug\usb-fs\src\usb_regs.o
                0x08002ea8                SetEPTxValid
 .text.SetEPRxValid
                0x08002ef8       0x50 obj\debug\usb-fs\src\usb_regs.o
                0x08002ef8                SetEPRxValid
 .text.Clear_Status_Out
                0x08002f48       0x50 obj\debug\usb-fs\src\usb_regs.o
                0x08002f48                Clear_Status_Out
 .text.ClearDTOG_RX
                0x08002f98       0x5c obj\debug\usb-fs\src\usb_regs.o
                0x08002f98                ClearDTOG_RX
 .text.ClearDTOG_TX
                0x08002ff4       0x5c obj\debug\usb-fs\src\usb_regs.o
                0x08002ff4                ClearDTOG_TX
 .text.SetEPTxAddr
                0x08003050       0x40 obj\debug\usb-fs\src\usb_regs.o
                0x08003050                SetEPTxAddr
 .text.SetEPRxAddr
                0x08003090       0x40 obj\debug\usb-fs\src\usb_regs.o
                0x08003090                SetEPRxAddr
 .text.GetEPTxAddr
                0x080030d0       0x38 obj\debug\usb-fs\src\usb_regs.o
                0x080030d0                GetEPTxAddr
 .text.GetEPRxAddr
                0x08003108       0x38 obj\debug\usb-fs\src\usb_regs.o
                0x08003108                GetEPRxAddr
 .text.SetEPTxCount
                0x08003140       0x38 obj\debug\usb-fs\src\usb_regs.o
                0x08003140                SetEPTxCount
 .text.SetEPRxCount
                0x08003178       0x84 obj\debug\usb-fs\src\usb_regs.o
                0x08003178                SetEPRxCount
 .text.GetEPRxCount
                0x080031fc       0x3c obj\debug\usb-fs\src\usb_regs.o
                0x080031fc                GetEPRxCount
 .text.ByteSwap
                0x08003238       0x30 obj\debug\usb-fs\src\usb_regs.o
                0x08003238                ByteSwap
 .text.USB_SIL_Init
                0x08003268       0x34 obj\debug\usb-fs\src\usb_sil.o
                0x08003268                USB_SIL_Init
 .text.USB_SIL_Write
                0x0800329c       0x4c obj\debug\usb-fs\src\usb_sil.o
                0x0800329c                USB_SIL_Write
 .text.USB_SIL_Read
                0x080032e8       0x4c obj\debug\usb-fs\src\usb_sil.o
                0x080032e8                USB_SIL_Read
 .text.exit     0x08003334       0x28 c:/program files/embitz/0.42/share/em_armgcc/bin/../lib/gcc/arm-none-eabi/4.8.4/../../../../arm-none-eabi/lib/armv7-m\libg_n.a(lib_a-exit.o)
                0x08003334                exit
 .text.__libc_init_array
                0x0800335c       0x4c c:/program files/embitz/0.42/share/em_armgcc/bin/../lib/gcc/arm-none-eabi/4.8.4/../../../../arm-none-eabi/lib/armv7-m\libg_n.a(lib_a-init.o)
                0x0800335c                __libc_init_array
 .text.memset   0x080033a8       0x10 c:/program files/embitz/0.42/share/em_armgcc/bin/../lib/gcc/arm-none-eabi/4.8.4/../../../../arm-none-eabi/lib/armv7-m\libg_n.a(lib_a-memset.o)
                0x080033a8                memset
 .text          0x080033b8        0x2 c:/program files/embitz/0.42/share/em_armgcc/bin/../lib/gcc/arm-none-eabi/4.8.4/../../../../arm-none-eabi/lib/armv7-m\libnosys_s.a(_exit.o)
                0x080033b8                _exit
 *(.init)
 *fill*         0x080033ba        0x2 
 .init          0x080033bc        0x4 c:/program files/embitz/0.42/share/em_armgcc/bin/../lib/gcc/arm-none-eabi/4.8.4/armv7-m/crti.o
                0x080033bc                _init
 .init          0x080033c0        0x8 c:/program files/embitz/0.42/share/em_armgcc/bin/../lib/gcc/arm-none-eabi/4.8.4/armv7-m/crtn.o
 *(.fini)
 .fini          0x080033c8        0x4 c:/program files/embitz/0.42/share/em_armgcc/bin/../lib/gcc/arm-none-eabi/4.8.4/armv7-m/crti.o
                0x080033c8                _fini
 .fini          0x080033cc        0x8 c:/program files/embitz/0.42/share/em_armgcc/bin/../lib/gcc/arm-none-eabi/4.8.4/armv7-m/crtn.o
 *crtbegin.o(.ctors)
 *crtbegin?.o(.ctors)
 *(EXCLUDE_FILE(*crtend.o *crtend?.o) .ctors)
 *(SORT(.ctors.*))
 *(.ctors)
 *crtbegin.o(.dtors)
 *crtbegin?.o(.dtors)
 *(EXCLUDE_FILE(*crtend.o *crtend?.o) .dtors)
 *(SORT(.dtors.*))
 *(.dtors)
 *(.rodata*)
 .rodata.RHID_DeviceDescriptor
                0x080033d4       0x14 obj\debug\src\usb_desc.o
                0x080033d4                RHID_DeviceDescriptor
 .rodata.RHID_ConfigDescriptor
                0x080033e8       0x2c obj\debug\src\usb_desc.o
                0x080033e8                RHID_ConfigDescriptor
 .rodata.RHID_ReportDescriptor
                0x08003414       0x40 obj\debug\src\usb_desc.o
                0x08003414                RHID_ReportDescriptor
 .rodata.RHID_StringLangID
                0x08003454        0x4 obj\debug\src\usb_desc.o
                0x08003454                RHID_StringLangID
 .rodata.RHID_StringVendor
                0x08003458        0xc obj\debug\src\usb_desc.o
                0x08003458                RHID_StringVendor
 .rodata.RHID_StringProduct
                0x08003464       0x18 obj\debug\src\usb_desc.o
                0x08003464                RHID_StringProduct
 .rodata.str1.1
                0x0800347c        0x2 c:/program files/embitz/0.42/share/em_armgcc/bin/../lib/gcc/arm-none-eabi/4.8.4/../../../../arm-none-eabi/lib/armv7-m\libg_n.a(lib_a-impure.o)
 *fill*         0x0800347e        0x2 
 .rodata._global_impure_ptr
                0x08003480        0x4 c:/program files/embitz/0.42/share/em_armgcc/bin/../lib/gcc/arm-none-eabi/4.8.4/../../../../arm-none-eabi/lib/armv7-m\libg_n.a(lib_a-impure.o)
                0x08003480                _global_impure_ptr
 *(.eh_frame*)
 .eh_frame      0x08003484        0x0 c:/program files/embitz/0.42/share/em_armgcc/bin/../lib/gcc/arm-none-eabi/4.8.4/armv7-m/crtbegin.o
 .eh_frame      0x08003484        0x4 c:/program files/embitz/0.42/share/em_armgcc/bin/../lib/gcc/arm-none-eabi/4.8.4/armv7-m/crtend.o

.glue_7         0x08003488        0x0
 .glue_7        0x00000000        0x0 linker stubs

.glue_7t        0x08003488        0x0
 .glue_7t       0x00000000        0x0 linker stubs

.vfp11_veneer   0x08003488        0x0
 .vfp11_veneer  0x00000000        0x0 linker stubs

.v4_bx          0x08003488        0x0
 .v4_bx         0x00000000        0x0 linker stubs

.iplt           0x08003488        0x0
 .iplt          0x00000000        0x0 c:/program files/embitz/0.42/share/em_armgcc/bin/../lib/gcc/arm-none-eabi/4.8.4/armv7-m/crtbegin.o

.ARM.extab
 *(.ARM.extab* .gnu.linkonce.armextab.*)
                0x08003488                __exidx_start = .

.ARM.exidx      0x08003488        0x8
 *(.ARM.exidx* .gnu.linkonce.armexidx.*)
 .ARM.exidx     0x08003488        0x8 c:/program files/embitz/0.42/share/em_armgcc/bin/../lib/gcc/arm-none-eabi/4.8.4/../../../../arm-none-eabi/lib/armv7-m/crt0.o
                0x08003490                __exidx_end = .
                0x08003490                __etext = .

.rel.dyn        0x08003490        0x0
 .rel.iplt      0x00000000        0x0 c:/program files/embitz/0.42/share/em_armgcc/bin/../lib/gcc/arm-none-eabi/4.8.4/armv7-m/crtbegin.o

.data           0x20000000      0x1c8 load address 0x08003490
                0x20000000                __data_start__ = .
 *(vtable)
 *(.data*)
 .data.strob    0x20000000       0x20 obj\debug\src\hw_config.o
                0x20000000                strob
 .data.sumvol   0x20000020       0x4c obj\debug\src\hw_config.o
                0x20000020                sumvol
 .data.flg      0x2000006c        0x2 obj\debug\src\hw_config.o
                0x2000006c                flg
 .data.PrevXferComplete
                0x2000006e        0x1 obj\debug\src\main.o
                0x2000006e                PrevXferComplete
 *fill*         0x2000006f        0x1 
 .data.RHID_StringSerial
                0x20000070       0x1c obj\debug\src\usb_desc.o
                0x20000070                RHID_StringSerial
 .data.pEpInt_IN
                0x2000008c       0x1c obj\debug\src\usb_istr.o
                0x2000008c                pEpInt_IN
 .data.pEpInt_OUT
                0x200000a8       0x1c obj\debug\src\usb_istr.o
                0x200000a8                pEpInt_OUT
 .data.Device_Table
                0x200000c4        0x4 obj\debug\src\usb_prop.o
                0x200000c4                Device_Table
 .data.Device_Property
                0x200000c8       0x30 obj\debug\src\usb_prop.o
                0x200000c8                Device_Property
 .data.User_Standard_Requests
                0x200000f8       0x24 obj\debug\src\usb_prop.o
                0x200000f8                User_Standard_Requests
 .data.Device_Descriptor
                0x2000011c        0x8 obj\debug\src\usb_prop.o
                0x2000011c                Device_Descriptor
 .data.Config_Descriptor
                0x20000124        0x8 obj\debug\src\usb_prop.o
                0x20000124                Config_Descriptor
 .data.RHID_Report_Descriptor
                0x2000012c        0x8 obj\debug\src\usb_prop.o
                0x2000012c                RHID_Report_Descriptor
 .data.RHID_Hid_Descriptor
                0x20000134        0x8 obj\debug\src\usb_prop.o
                0x20000134                RHID_Hid_Descriptor
 .data.String_Descriptor
                0x2000013c       0x20 obj\debug\src\usb_prop.o
                0x2000013c                String_Descriptor
 .data.fSuspendEnabled
                0x2000015c        0x1 obj\debug\src\usb_pwr.o
                0x2000015c                fSuspendEnabled
 *fill*         0x2000015d        0x3 
 .data.impure_data
                0x20000160       0x60 c:/program files/embitz/0.42/share/em_armgcc/bin/../lib/gcc/arm-none-eabi/4.8.4/../../../../arm-none-eabi/lib/armv7-m\libg_n.a(lib_a-impure.o)
                0x200001c0                . = ALIGN (0x4)
                0x200001c0                PROVIDE (__preinit_array_start, .)
 *(.preinit_array)
                0x200001c0                PROVIDE (__preinit_array_end, .)
                0x200001c0                . = ALIGN (0x4)
                0x200001c0                PROVIDE (__init_array_start, .)
 *(SORT(.init_array.*))
 *(.init_array)
 .init_array    0x200001c0        0x4 c:/program files/embitz/0.42/share/em_armgcc/bin/../lib/gcc/arm-none-eabi/4.8.4/armv7-m/crtbegin.o
                0x200001c4                PROVIDE (__init_array_end, .)
                0x200001c4                . = ALIGN (0x4)
                0x200001c4                PROVIDE (__fini_array_start, .)
 *(SORT(.fini_array.*))
 *(.fini_array)
 .fini_array    0x200001c4        0x4 c:/program files/embitz/0.42/share/em_armgcc/bin/../lib/gcc/arm-none-eabi/4.8.4/armv7-m/crtbegin.o
                0x200001c8                PROVIDE (__fini_array_end, .)
                0x200001c8                . = ALIGN (0x4)
                0x200001c8                __data_end__ = .

.jcr            0x200001c8        0x0 load address 0x08003658
 .jcr           0x200001c8        0x0 c:/program files/embitz/0.42/share/em_armgcc/bin/../lib/gcc/arm-none-eabi/4.8.4/armv7-m/crtbegin.o

.igot.plt       0x200001c8        0x0 load address 0x08003658
 .igot.plt      0x00000000        0x0 c:/program files/embitz/0.42/share/em_armgcc/bin/../lib/gcc/arm-none-eabi/4.8.4/armv7-m/crtbegin.o

.bss            0x200001c8      0x272 load address 0x08003658
                0x200001c8                __bss_start__ = .
 *(.bss*)
 .bss           0x200001c8       0x1c c:/program files/embitz/0.42/share/em_armgcc/bin/../lib/gcc/arm-none-eabi/4.8.4/armv7-m/crtbegin.o
 .bss.coun      0x200001e4        0x4 obj\debug\src\hw_config.o
                0x200001e4                coun
 .bss.coun1     0x200001e8        0x4 obj\debug\src\hw_config.o
                0x200001e8                coun1
 .bss.maximal_nenazat_knopk
                0x200001ec      0x168 obj\debug\src\hw_config.o
                0x200001ec                maximal_nenazat_knopk
 .bss.Buffer    0x20000354        0x8 obj\debug\src\hw_config.o
                0x20000354                Buffer
 .bss.bIntPackSOF
                0x2000035c        0x1 obj\debug\src\usb_istr.o
                0x2000035c                bIntPackSOF
 *fill*         0x2000035d        0x3 
 .bss.esof_counter
                0x20000360        0x4 obj\debug\src\usb_istr.o
                0x20000360                esof_counter
 .bss.wCNTR     0x20000364        0x4 obj\debug\src\usb_istr.o
                0x20000364                wCNTR
 .bss.Request   0x20000368        0x1 obj\debug\src\usb_prop.o
                0x20000368                Request
 *fill*         0x20000369        0x3 
 .bss.bDeviceState
                0x2000036c        0x4 obj\debug\src\usb_pwr.o
                0x2000036c                bDeviceState
 .bss.remotewakeupon
                0x20000370        0x4 obj\debug\src\usb_pwr.o
                0x20000370                remotewakeupon
 .bss.Data_Mul_MaxPacketSize
                0x20000374        0x1 obj\debug\usb-fs\src\usb_core.o
                0x20000374                Data_Mul_MaxPacketSize
 *(COMMON)
 *fill*         0x20000375        0x3 
 COMMON         0x20000378       0x10 obj\debug\src\hw_config.o
                0x20000378                HSEStartUpStatus
                0x2000037a                r
                0x2000037c                c
                0x20000380                EXTI_InitStructure
 COMMON         0x20000388        0x9 obj\debug\src\usb_endp.o
                0x20000388                Receive_Buffer
 *fill*         0x20000391        0x1 
 COMMON         0x20000392        0x2 obj\debug\src\usb_istr.o
                0x20000392                wIstr
 COMMON         0x20000394       0x45 obj\debug\src\usb_prop.o
                0x20000394                ProtocolValue
                0x20000398                Report_Buf
                0x200003d8                EXTI_Enable
 *fill*         0x200003d9        0x3 
 COMMON         0x200003dc       0x24 obj\debug\src\usb_pwr.o
                0x200003dc                ResumeS
                0x200003e0                EP
 COMMON         0x20000400        0x2 obj\debug\usb-fs\src\usb_core.o
                0x20000400                StatusInfo
 *fill*         0x20000402        0x2 
 COMMON         0x20000404       0x32 obj\debug\usb-fs\src\usb_init.o
                0x20000404                SaveState
                0x20000408                pProperty
                0x2000040c                EPindex
                0x20000410                Device_Info
                0x2000042c                pUser_Standard_Requests
                0x20000430                pInformation
                0x20000434                wInterrupt_Mask
 COMMON         0x20000436        0x4 obj\debug\usb-fs\src\usb_int.o
                0x20000436                SaveRState
                0x20000438                SaveTState
                0x2000043a                __bss_end__ = .

.heap           0x20000440        0x0
                0x20000440                __end__ = .
                0x20000440                end = __end__
 *(.heap*)
 .heap          0x20000440        0x0 obj\debug\src\startup_stm32f10x_hd.o
                0x20000440                __HeapLimit = .

.stack_dummy    0x20000440      0x100
 *(.stack)
 .stack         0x20000440      0x100 obj\debug\src\startup_stm32f10x_hd.o
                0x20010000                __StackTop = (ORIGIN (RAM) + 0x10000)
                0x2000ff00                __StackLimit = (__StackTop - SIZEOF (.stack_dummy))
                0x20010000                PROVIDE (__stack, __StackTop)
                0x00000001                ASSERT ((__StackLimit >= __HeapLimit), region RAM overflowed with stack)
LOAD obj\debug\spl\src\misc.o
LOAD obj\debug\spl\src\stm32f10x_adc.o
LOAD obj\debug\spl\src\stm32f10x_bkp.o
LOAD obj\debug\spl\src\stm32f10x_cec.o
LOAD obj\debug\spl\src\stm32f10x_crc.o
LOAD obj\debug\spl\src\stm32f10x_dac.o
LOAD obj\debug\spl\src\stm32f10x_dbgmcu.o
LOAD obj\debug\spl\src\stm32f10x_exti.o
LOAD obj\debug\spl\src\stm32f10x_flash.o
LOAD obj\debug\spl\src\stm32f10x_fsmc.o
LOAD obj\debug\spl\src\stm32f10x_gpio.o
LOAD obj\debug\spl\src\stm32f10x_iwdg.o
LOAD obj\debug\spl\src\stm32f10x_pwr.o
LOAD obj\debug\spl\src\stm32f10x_rcc.o
LOAD obj\debug\spl\src\stm32f10x_rtc.o
LOAD obj\debug\spl\src\stm32f10x_sdio.o
LOAD obj\debug\spl\src\stm32f10x_spi.o
LOAD obj\debug\spl\src\stm32f10x_tim.o
LOAD obj\debug\spl\src\stm32f10x_usart.o
LOAD obj\debug\spl\src\stm32f10x_wwdg.o
LOAD obj\debug\src\hw_config.o
LOAD obj\debug\src\main.o
LOAD obj\debug\src\startup_stm32f10x_hd.o
LOAD obj\debug\src\stm32_it.o
LOAD obj\debug\src\system_stm32f10x.o
LOAD obj\debug\src\usb_desc.o
LOAD obj\debug\src\usb_endp.o
LOAD obj\debug\src\usb_istr.o
LOAD obj\debug\src\usb_prop.o
LOAD obj\debug\src\usb_pwr.o
LOAD obj\debug\usb-fs\src\usb_core.o
LOAD obj\debug\usb-fs\src\usb_init.o
LOAD obj\debug\usb-fs\src\usb_int.o
LOAD obj\debug\usb-fs\src\usb_mem.o
LOAD obj\debug\usb-fs\src\usb_regs.o
LOAD obj\debug\usb-fs\src\usb_sil.o
START GROUP
LOAD c:/program files/embitz/0.42/share/em_armgcc/bin/../lib/gcc/arm-none-eabi/4.8.4/armv7-m\libgcc.a
LOAD c:/program files/embitz/0.42/share/em_armgcc/bin/../lib/gcc/arm-none-eabi/4.8.4/../../../../arm-none-eabi/lib/armv7-m\libg_n.a
LOAD c:/program files/embitz/0.42/share/em_armgcc/bin/../lib/gcc/arm-none-eabi/4.8.4/../../../../arm-none-eabi/lib/armv7-m\libc_n.a
END GROUP
START GROUP
LOAD c:/program files/embitz/0.42/share/em_armgcc/bin/../lib/gcc/arm-none-eabi/4.8.4/armv7-m\libgcc.a
LOAD c:/program files/embitz/0.42/share/em_armgcc/bin/../lib/gcc/arm-none-eabi/4.8.4/../../../../arm-none-eabi/lib/armv7-m\libc_n.a
LOAD c:/program files/embitz/0.42/share/em_armgcc/bin/../lib/gcc/arm-none-eabi/4.8.4/../../../../arm-none-eabi/lib/armv7-m\libnosys_s.a
END GROUP
LOAD c:/program files/embitz/0.42/share/em_armgcc/bin/../lib/gcc/arm-none-eabi/4.8.4/armv7-m/crtend.o
LOAD c:/program files/embitz/0.42/share/em_armgcc/bin/../lib/gcc/arm-none-eabi/4.8.4/armv7-m/crtn.o
OUTPUT(bin\Debug\USB_proba.elf elf32-littlearm)

.ARM.attributes
                0x00000000       0x29
 .ARM.attributes
                0x00000000       0x1d c:/program files/embitz/0.42/share/em_armgcc/bin/../lib/gcc/arm-none-eabi/4.8.4/armv7-m/crti.o
 .ARM.attributes
                0x0000001d       0x2d c:/program files/embitz/0.42/share/em_armgcc/bin/../lib/gcc/arm-none-eabi/4.8.4/armv7-m/crtbegin.o
 .ARM.attributes
                0x0000004a       0x1b c:/program files/embitz/0.42/share/em_armgcc/bin/../lib/gcc/arm-none-eabi/4.8.4/../../../../arm-none-eabi/lib/armv7-m/crt0.o
 .ARM.attributes
                0x00000065       0x33 obj\debug\spl\src\misc.o
 .ARM.attributes
                0x00000098       0x33 obj\debug\spl\src\stm32f10x_exti.o
 .ARM.attributes
                0x000000cb       0x33 obj\debug\spl\src\stm32f10x_gpio.o
 .ARM.attributes
                0x000000fe       0x33 obj\debug\spl\src\stm32f10x_rcc.o
 .ARM.attributes
                0x00000131       0x33 obj\debug\src\hw_config.o
 .ARM.attributes
                0x00000164       0x33 obj\debug\src\main.o
 .ARM.attributes
                0x00000197       0x1b obj\debug\src\startup_stm32f10x_hd.o
 .ARM.attributes
                0x000001b2       0x33 obj\debug\src\stm32_it.o
 .ARM.attributes
                0x000001e5       0x33 obj\debug\src\system_stm32f10x.o
 .ARM.attributes
                0x00000218       0x33 obj\debug\src\usb_desc.o
 .ARM.attributes
                0x0000024b       0x33 obj\debug\src\usb_endp.o
 .ARM.attributes
                0x0000027e       0x33 obj\debug\src\usb_istr.o
 .ARM.attributes
                0x000002b1       0x33 obj\debug\src\usb_prop.o
 .ARM.attributes
                0x000002e4       0x33 obj\debug\src\usb_pwr.o
 .ARM.attributes
                0x00000317       0x33 obj\debug\usb-fs\src\usb_core.o
 .ARM.attributes
                0x0000034a       0x33 obj\debug\usb-fs\src\usb_init.o
 .ARM.attributes
                0x0000037d       0x33 obj\debug\usb-fs\src\usb_int.o
 .ARM.attributes
                0x000003b0       0x33 obj\debug\usb-fs\src\usb_mem.o
 .ARM.attributes
                0x000003e3       0x33 obj\debug\usb-fs\src\usb_regs.o
 .ARM.attributes
                0x00000416       0x33 obj\debug\usb-fs\src\usb_sil.o
 .ARM.attributes
                0x00000449       0x2d c:/program files/embitz/0.42/share/em_armgcc/bin/../lib/gcc/arm-none-eabi/4.8.4/../../../../arm-none-eabi/lib/armv7-m\libg_n.a(lib_a-exit.o)
 .ARM.attributes
                0x00000476       0x2d c:/program files/embitz/0.42/share/em_armgcc/bin/../lib/gcc/arm-none-eabi/4.8.4/../../../../arm-none-eabi/lib/armv7-m\libg_n.a(lib_a-impure.o)
 .ARM.attributes
                0x000004a3       0x2d c:/program files/embitz/0.42/share/em_armgcc/bin/../lib/gcc/arm-none-eabi/4.8.4/../../../../arm-none-eabi/lib/armv7-m\libg_n.a(lib_a-init.o)
 .ARM.attributes
                0x000004d0       0x2d c:/program files/embitz/0.42/share/em_armgcc/bin/../lib/gcc/arm-none-eabi/4.8.4/../../../../arm-none-eabi/lib/armv7-m\libg_n.a(lib_a-memset.o)
 .ARM.attributes
                0x000004fd       0x2d c:/program files/embitz/0.42/share/em_armgcc/bin/../lib/gcc/arm-none-eabi/4.8.4/../../../../arm-none-eabi/lib/armv7-m\libnosys_s.a(_exit.o)
 .ARM.attributes
                0x0000052a       0x2d c:/program files/embitz/0.42/share/em_armgcc/bin/../lib/gcc/arm-none-eabi/4.8.4/armv7-m/crtend.o
 .ARM.attributes
                0x00000557       0x1d c:/program files/embitz/0.42/share/em_armgcc/bin/../lib/gcc/arm-none-eabi/4.8.4/armv7-m/crtn.o

.comment        0x00000000       0x46
 .comment       0x00000000       0x46 obj\debug\spl\src\misc.o
                                 0x47 (size before relaxing)
 .comment       0x00000000       0x47 obj\debug\spl\src\stm32f10x_exti.o
 .comment       0x00000000       0x47 obj\debug\spl\src\stm32f10x_gpio.o
 .comment       0x00000000       0x47 obj\debug\spl\src\stm32f10x_rcc.o
 .comment       0x00000000       0x47 obj\debug\src\hw_config.o
 .comment       0x00000000       0x47 obj\debug\src\main.o
 .comment       0x00000000       0x47 obj\debug\src\stm32_it.o
 .comment       0x00000000       0x47 obj\debug\src\system_stm32f10x.o
 .comment       0x00000000       0x47 obj\debug\src\usb_desc.o
 .comment       0x00000000       0x47 obj\debug\src\usb_endp.o
 .comment       0x00000000       0x47 obj\debug\src\usb_istr.o
 .comment       0x00000000       0x47 obj\debug\src\usb_prop.o
 .comment       0x00000000       0x47 obj\debug\src\usb_pwr.o
 .comment       0x00000000       0x47 obj\debug\usb-fs\src\usb_core.o
 .comment       0x00000000       0x47 obj\debug\usb-fs\src\usb_init.o
 .comment       0x00000000       0x47 obj\debug\usb-fs\src\usb_int.o
 .comment       0x00000000       0x47 obj\debug\usb-fs\src\usb_mem.o
 .comment       0x00000000       0x47 obj\debug\usb-fs\src\usb_regs.o
 .comment       0x00000000       0x47 obj\debug\usb-fs\src\usb_sil.o

.debug_info     0x00000000     0x6149
 .debug_info    0x00000000      0x545 obj\debug\spl\src\misc.o
 .debug_info    0x00000545      0x349 obj\debug\spl\src\stm32f10x_exti.o
 .debug_info    0x0000088e      0x6ef obj\debug\spl\src\stm32f10x_gpio.o
 .debug_info    0x00000f7d      0x895 obj\debug\spl\src\stm32f10x_rcc.o
 .debug_info    0x00001812      0xa8f obj\debug\src\hw_config.o
 .debug_info    0x000022a1      0x147 obj\debug\src\main.o
 .debug_info    0x000023e8       0x56 obj\debug\src\startup_stm32f10x_hd.o
 .debug_info    0x0000243e      0x16f obj\debug\src\stm32_it.o
 .debug_info    0x000025ad      0x25d obj\debug\src\system_stm32f10x.o
 .debug_info    0x0000280a      0x1b1 obj\debug\src\usb_desc.o
 .debug_info    0x000029bb      0x1f7 obj\debug\src\usb_endp.o
 .debug_info    0x00002bb2      0x404 obj\debug\src\usb_istr.o
 .debug_info    0x00002fb6      0xa32 obj\debug\src\usb_prop.o
 .debug_info    0x000039e8      0x591 obj\debug\src\usb_pwr.o
 .debug_info    0x00003f79      0xb66 obj\debug\usb-fs\src\usb_core.o
 .debug_info    0x00004adf      0x458 obj\debug\usb-fs\src\usb_init.o
 .debug_info    0x00004f37      0x1fb obj\debug\usb-fs\src\usb_int.o
 .debug_info    0x00005132      0x1da obj\debug\usb-fs\src\usb_mem.o
 .debug_info    0x0000530c      0xcaf obj\debug\usb-fs\src\usb_regs.o
 .debug_info    0x00005fbb      0x18e obj\debug\usb-fs\src\usb_sil.o

.debug_abbrev   0x00000000     0x1990
 .debug_abbrev  0x00000000      0x14a obj\debug\spl\src\misc.o
 .debug_abbrev  0x0000014a      0x156 obj\debug\spl\src\stm32f10x_exti.o
 .debug_abbrev  0x000002a0      0x1cd obj\debug\spl\src\stm32f10x_gpio.o
 .debug_abbrev  0x0000046d      0x1bf obj\debug\spl\src\stm32f10x_rcc.o
 .debug_abbrev  0x0000062c      0x2a4 obj\debug\src\hw_config.o
 .debug_abbrev  0x000008d0       0xb7 obj\debug\src\main.o
 .debug_abbrev  0x00000987       0x14 obj\debug\src\startup_stm32f10x_hd.o
 .debug_abbrev  0x0000099b       0x82 obj\debug\src\stm32_it.o
 .debug_abbrev  0x00000a1d       0xe8 obj\debug\src\system_stm32f10x.o
 .debug_abbrev  0x00000b05       0x78 obj\debug\src\usb_desc.o
 .debug_abbrev  0x00000b7d      0x115 obj\debug\src\usb_endp.o
 .debug_abbrev  0x00000c92      0x153 obj\debug\src\usb_istr.o
 .debug_abbrev  0x00000de5      0x24a obj\debug\src\usb_prop.o
 .debug_abbrev  0x0000102f      0x202 obj\debug\src\usb_pwr.o
 .debug_abbrev  0x00001231      0x295 obj\debug\usb-fs\src\usb_core.o
 .debug_abbrev  0x000014c6      0x123 obj\debug\usb-fs\src\usb_init.o
 .debug_abbrev  0x000015e9       0xd3 obj\debug\usb-fs\src\usb_int.o
 .debug_abbrev  0x000016bc       0xa2 obj\debug\usb-fs\src\usb_mem.o
 .debug_abbrev  0x0000175e      0x172 obj\debug\usb-fs\src\usb_regs.o
 .debug_abbrev  0x000018d0       0xc0 obj\debug\usb-fs\src\usb_sil.o

.debug_aranges  0x00000000      0x838
 .debug_aranges
                0x00000000       0x40 obj\debug\spl\src\misc.o
 .debug_aranges
                0x00000040       0x58 obj\debug\spl\src\stm32f10x_exti.o
 .debug_aranges
                0x00000098       0xa8 obj\debug\spl\src\stm32f10x_gpio.o
 .debug_aranges
                0x00000140      0x118 obj\debug\spl\src\stm32f10x_rcc.o
 .debug_aranges
                0x00000258       0x88 obj\debug\src\hw_config.o
 .debug_aranges
                0x000002e0       0x20 obj\debug\src\main.o
 .debug_aranges
                0x00000300       0x20 obj\debug\src\startup_stm32f10x_hd.o
 .debug_aranges
                0x00000320       0x70 obj\debug\src\stm32_it.o
 .debug_aranges
                0x00000390       0x28 obj\debug\src\system_stm32f10x.o
 .debug_aranges
                0x000003b8       0x18 obj\debug\src\usb_desc.o
 .debug_aranges
                0x000003d0       0x28 obj\debug\src\usb_endp.o
 .debug_aranges
                0x000003f8       0x20 obj\debug\src\usb_istr.o
 .debug_aranges
                0x00000418       0xa0 obj\debug\src\usb_prop.o
 .debug_aranges
                0x000004b8       0x40 obj\debug\src\usb_pwr.o
 .debug_aranges
                0x000004f8       0xb0 obj\debug\usb-fs\src\usb_core.o
 .debug_aranges
                0x000005a8       0x20 obj\debug\usb-fs\src\usb_init.o
 .debug_aranges
                0x000005c8       0x28 obj\debug\usb-fs\src\usb_int.o
 .debug_aranges
                0x000005f0       0x28 obj\debug\usb-fs\src\usb_mem.o
 .debug_aranges
                0x00000618      0x1f0 obj\debug\usb-fs\src\usb_regs.o
 .debug_aranges
                0x00000808       0x30 obj\debug\usb-fs\src\usb_sil.o

.debug_ranges   0x00000000      0x6f8
 .debug_ranges  0x00000000       0x30 obj\debug\spl\src\misc.o
 .debug_ranges  0x00000030       0x48 obj\debug\spl\src\stm32f10x_exti.o
 .debug_ranges  0x00000078       0x98 obj\debug\spl\src\stm32f10x_gpio.o
 .debug_ranges  0x00000110      0x108 obj\debug\spl\src\stm32f10x_rcc.o
 .debug_ranges  0x00000218       0x78 obj\debug\src\hw_config.o
 .debug_ranges  0x00000290       0x10 obj\debug\src\main.o
 .debug_ranges  0x000002a0       0x60 obj\debug\src\stm32_it.o
 .debug_ranges  0x00000300       0x18 obj\debug\src\system_stm32f10x.o
 .debug_ranges  0x00000318       0x18 obj\debug\src\usb_endp.o
 .debug_ranges  0x00000330       0x10 obj\debug\src\usb_istr.o
 .debug_ranges  0x00000340       0x90 obj\debug\src\usb_prop.o
 .debug_ranges  0x000003d0       0x30 obj\debug\src\usb_pwr.o
 .debug_ranges  0x00000400       0xb8 obj\debug\usb-fs\src\usb_core.o
 .debug_ranges  0x000004b8       0x10 obj\debug\usb-fs\src\usb_init.o
 .debug_ranges  0x000004c8       0x18 obj\debug\usb-fs\src\usb_int.o
 .debug_ranges  0x000004e0       0x18 obj\debug\usb-fs\src\usb_mem.o
 .debug_ranges  0x000004f8      0x1e0 obj\debug\usb-fs\src\usb_regs.o
 .debug_ranges  0x000006d8       0x20 obj\debug\usb-fs\src\usb_sil.o

.debug_macro    0x00000000     0xf67f
 .debug_macro   0x00000000      0x17d obj\debug\spl\src\misc.o
 .debug_macro   0x0000017d      0x856 obj\debug\spl\src\misc.o
 .debug_macro   0x000009d3       0x5d obj\debug\spl\src\misc.o
 .debug_macro   0x00000a30       0x3a obj\debug\spl\src\misc.o
 .debug_macro   0x00000a6a       0x16 obj\debug\spl\src\misc.o
 .debug_macro   0x00000a80       0x44 obj\debug\spl\src\misc.o
 .debug_macro   0x00000ac4      0x209 obj\debug\spl\src\misc.o
 .debug_macro   0x00000ccd       0x18 obj\debug\spl\src\misc.o
 .debug_macro   0x00000ce5      0xa36 obj\debug\spl\src\misc.o
 .debug_macro   0x0000171b     0x7f62 obj\debug\spl\src\misc.o
 .debug_macro   0x0000967d      0x2df obj\debug\spl\src\misc.o
 .debug_macro   0x0000995c      0x144 obj\debug\spl\src\misc.o
 .debug_macro   0x00009aa0      0x3cf obj\debug\spl\src\misc.o
 .debug_macro   0x00009e6f       0xc8 obj\debug\spl\src\misc.o
 .debug_macro   0x00009f37      0x17a obj\debug\spl\src\misc.o
 .debug_macro   0x0000a0b1       0xac obj\debug\spl\src\misc.o
 .debug_macro   0x0000a15d      0x3ad obj\debug\spl\src\misc.o
 .debug_macro   0x0000a50a       0x9a obj\debug\spl\src\misc.o
 .debug_macro   0x0000a5a4      0x2cf obj\debug\spl\src\misc.o
 .debug_macro   0x0000a873      0x279 obj\debug\spl\src\misc.o
 .debug_macro   0x0000aaec      0x2ac obj\debug\spl\src\misc.o
 .debug_macro   0x0000ad98      0x2b1 obj\debug\spl\src\misc.o
 .debug_macro   0x0000b049       0x64 obj\debug\spl\src\misc.o
 .debug_macro   0x0000b0ad       0x82 obj\debug\spl\src\misc.o
 .debug_macro   0x0000b12f      0x3e2 obj\debug\spl\src\misc.o
 .debug_macro   0x0000b511       0x58 obj\debug\spl\src\misc.o
 .debug_macro   0x0000b569      0x341 obj\debug\spl\src\misc.o
 .debug_macro   0x0000b8aa      0x2c4 obj\debug\spl\src\misc.o
 .debug_macro   0x0000bb6e      0x711 obj\debug\spl\src\misc.o
 .debug_macro   0x0000c27f      0x220 obj\debug\spl\src\misc.o
 .debug_macro   0x0000c49f       0x34 obj\debug\spl\src\misc.o
 .debug_macro   0x0000c4d3       0x35 obj\debug\spl\src\misc.o
 .debug_macro   0x0000c508       0x85 obj\debug\spl\src\misc.o
 .debug_macro   0x0000c58d      0x17d obj\debug\spl\src\stm32f10x_exti.o
 .debug_macro   0x0000c70a       0x94 obj\debug\spl\src\stm32f10x_exti.o
 .debug_macro   0x0000c79e      0x1c5 obj\debug\spl\src\stm32f10x_gpio.o
 .debug_macro   0x0000c963      0x2a6 obj\debug\spl\src\stm32f10x_gpio.o
 .debug_macro   0x0000cc09      0x293 obj\debug\spl\src\stm32f10x_rcc.o
 .debug_macro   0x0000ce9c      0x3dc obj\debug\spl\src\stm32f10x_rcc.o
 .debug_macro   0x0000d278      0x203 obj\debug\src\hw_config.o
 .debug_macro   0x0000d47b       0x6a obj\debug\src\hw_config.o
 .debug_macro   0x0000d4e5       0x7c obj\debug\src\hw_config.o
 .debug_macro   0x0000d561      0x454 obj\debug\src\hw_config.o
 .debug_macro   0x0000d9b5       0x28 obj\debug\src\hw_config.o
 .debug_macro   0x0000d9dd       0x5e obj\debug\src\hw_config.o
 .debug_macro   0x0000da3b       0x9a obj\debug\src\hw_config.o
 .debug_macro   0x0000dad5      0x1fa obj\debug\src\main.o
 .debug_macro   0x0000dccf      0x216 obj\debug\src\stm32_it.o
 .debug_macro   0x0000dee5      0x16d obj\debug\src\system_stm32f10x.o
 .debug_macro   0x0000e052      0x1f9 obj\debug\src\usb_desc.o
 .debug_macro   0x0000e24b      0x207 obj\debug\src\usb_endp.o
 .debug_macro   0x0000e452      0x211 obj\debug\src\usb_istr.o
 .debug_macro   0x0000e663       0x3a obj\debug\src\usb_istr.o
 .debug_macro   0x0000e69d      0x20c obj\debug\src\usb_prop.o
 .debug_macro   0x0000e8a9      0x1fa obj\debug\src\usb_pwr.o
 .debug_macro   0x0000eaa3      0x22c obj\debug\usb-fs\src\usb_core.o
 .debug_macro   0x0000eccf      0x1f0 obj\debug\usb-fs\src\usb_init.o
 .debug_macro   0x0000eebf      0x1f0 obj\debug\usb-fs\src\usb_int.o
 .debug_macro   0x0000f0af      0x1f0 obj\debug\usb-fs\src\usb_mem.o
 .debug_macro   0x0000f29f      0x1f0 obj\debug\usb-fs\src\usb_regs.o
 .debug_macro   0x0000f48f      0x1f0 obj\debug\usb-fs\src\usb_sil.o

.debug_line     0x00000000     0x69f1
 .debug_line    0x00000000      0x436 obj\debug\spl\src\misc.o
 .debug_line    0x00000436      0x48c obj\debug\spl\src\stm32f10x_exti.o
 .debug_line    0x000008c2      0x596 obj\debug\spl\src\stm32f10x_gpio.o
 .debug_line    0x00000e58      0x6a5 obj\debug\spl\src\stm32f10x_rcc.o
 .debug_line    0x000014fd      0x698 obj\debug\src\hw_config.o
 .debug_line    0x00001b95      0x4ac obj\debug\src\main.o
 .debug_line    0x00002041       0xb9 obj\debug\src\startup_stm32f10x_hd.o
 .debug_line    0x000020fa      0x577 obj\debug\src\stm32_it.o
 .debug_line    0x00002671      0x42b obj\debug\src\system_stm32f10x.o
 .debug_line    0x00002a9c      0x490 obj\debug\src\usb_desc.o
 .debug_line    0x00002f2c      0x4d4 obj\debug\src\usb_endp.o
 .debug_line    0x00003400      0x519 obj\debug\src\usb_istr.o
 .debug_line    0x00003919      0x634 obj\debug\src\usb_prop.o
 .debug_line    0x00003f4d      0x56c obj\debug\src\usb_pwr.o
 .debug_line    0x000044b9      0x7b3 obj\debug\usb-fs\src\usb_core.o
 .debug_line    0x00004c6c      0x49f obj\debug\usb-fs\src\usb_init.o
 .debug_line    0x0000510b      0x57b obj\debug\usb-fs\src\usb_int.o
 .debug_line    0x00005686      0x4f3 obj\debug\usb-fs\src\usb_mem.o
 .debug_line    0x00005b79      0x9b3 obj\debug\usb-fs\src\usb_regs.o
 .debug_line    0x0000652c      0x4c5 obj\debug\usb-fs\src\usb_sil.o

.debug_str      0x00000000    0x53b32
 .debug_str     0x00000000    0x4e61e obj\debug\spl\src\misc.o
                              0x4e790 (size before relaxing)
 .debug_str     0x0004e61e      0x1d5 obj\debug\spl\src\stm32f10x_exti.o
                              0x4e713 (size before relaxing)
 .debug_str     0x0004e7f3      0x5a6 obj\debug\spl\src\stm32f10x_gpio.o
                              0x4eb02 (size before relaxing)
 .debug_str     0x0004ed99      0xb41 obj\debug\spl\src\stm32f10x_rcc.o
                              0x4f0e8 (size before relaxing)
 .debug_str     0x0004f8da     0x2e66 obj\debug\src\hw_config.o
                              0x516b6 (size before relaxing)
 .debug_str     0x00052740       0x10 obj\debug\src\main.o
                              0x50ad6 (size before relaxing)
 .debug_str     0x00052750       0xeb obj\debug\src\stm32_it.o
                              0x50b37 (size before relaxing)
 .debug_str     0x0005283b       0x56 obj\debug\src\system_stm32f10x.o
                              0x4e5e4 (size before relaxing)
 .debug_str     0x00052891       0x88 obj\debug\src\usb_desc.o
                              0x50d48 (size before relaxing)
 .debug_str     0x00052919       0x49 obj\debug\src\usb_endp.o
                              0x50d78 (size before relaxing)
 .debug_str     0x00052962      0x2ba obj\debug\src\usb_istr.o
                              0x50e10 (size before relaxing)
 .debug_str     0x00052c1c      0x484 obj\debug\src\usb_prop.o
                              0x51679 (size before relaxing)
 .debug_str     0x000530a0       0x85 obj\debug\src\usb_pwr.o
                              0x50ce1 (size before relaxing)
 .debug_str     0x00053125      0x501 obj\debug\usb-fs\src\usb_core.o
                              0x514dc (size before relaxing)
 .debug_str     0x00053626       0x31 obj\debug\usb-fs\src\usb_init.o
                              0x50e12 (size before relaxing)
 .debug_str     0x00053657       0x2a obj\debug\usb-fs\src\usb_int.o
                              0x50ad1 (size before relaxing)
 .debug_str     0x00053681       0x6d obj\debug\usb-fs\src\usb_mem.o
                              0x50ad2 (size before relaxing)
 .debug_str     0x000536ee      0x3d9 obj\debug\usb-fs\src\usb_regs.o
                              0x50e5a (size before relaxing)
 .debug_str     0x00053ac7       0x6b obj\debug\usb-fs\src\usb_sil.o
                              0x50ae0 (size before relaxing)

.debug_frame    0x00000000     0x1834
 .debug_frame   0x00000000       0x9c obj\debug\spl\src\misc.o
 .debug_frame   0x0000009c       0xec obj\debug\spl\src\stm32f10x_exti.o
 .debug_frame   0x00000188      0x210 obj\debug\spl\src\stm32f10x_gpio.o
 .debug_frame   0x00000398      0x388 obj\debug\spl\src\stm32f10x_rcc.o
 .debug_frame   0x00000720      0x1c0 obj\debug\src\hw_config.o
 .debug_frame   0x000008e0       0x30 obj\debug\src\main.o
 .debug_frame   0x00000910      0x120 obj\debug\src\stm32_it.o
 .debug_frame   0x00000a30       0x48 obj\debug\src\system_stm32f10x.o
 .debug_frame   0x00000a78       0x48 obj\debug\src\usb_endp.o
 .debug_frame   0x00000ac0       0x30 obj\debug\src\usb_istr.o
 .debug_frame   0x00000af0      0x204 obj\debug\src\usb_prop.o
 .debug_frame   0x00000cf4       0xa8 obj\debug\src\usb_pwr.o
 .debug_frame   0x00000d9c      0x254 obj\debug\usb-fs\src\usb_core.o
 .debug_frame   0x00000ff0       0x2c obj\debug\usb-fs\src\usb_init.o
 .debug_frame   0x0000101c       0x50 obj\debug\usb-fs\src\usb_int.o
 .debug_frame   0x0000106c       0x48 obj\debug\usb-fs\src\usb_mem.o
 .debug_frame   0x000010b4      0x684 obj\debug\usb-fs\src\usb_regs.o
 .debug_frame   0x00001738       0x68 obj\debug\usb-fs\src\usb_sil.o
 .debug_frame   0x000017a0       0x28 c:/program files/embitz/0.42/share/em_armgcc/bin/../lib/gcc/arm-none-eabi/4.8.4/../../../../arm-none-eabi/lib/armv7-m\libg_n.a(lib_a-exit.o)
 .debug_frame   0x000017c8       0x2c c:/program files/embitz/0.42/share/em_armgcc/bin/../lib/gcc/arm-none-eabi/4.8.4/../../../../arm-none-eabi/lib/armv7-m\libg_n.a(lib_a-init.o)
 .debug_frame   0x000017f4       0x20 c:/program files/embitz/0.42/share/em_armgcc/bin/../lib/gcc/arm-none-eabi/4.8.4/../../../../arm-none-eabi/lib/armv7-m\libg_n.a(lib_a-memset.o)
 .debug_frame   0x00001814       0x20 c:/program files/embitz/0.42/share/em_armgcc/bin/../lib/gcc/arm-none-eabi/4.8.4/../../../../arm-none-eabi/lib/armv7-m\libnosys_s.a(_exit.o)
